MPLINK 5.09, LINKER
Linker Map File - Created Thu Aug 01 22:40:51 2019

                                 Section Info
                  Section       Type    Address   Location Size(Bytes)
                ---------  ---------  ---------  ---------  ---------
                   .org_0       code   0x000000    program   0x000002
                   .cinit    romdata   0x000001    program   0x000004
                   .org_1       code   0x000004    program   0x000624
.config_8007_BUILD/DEFAULT/PRODUCTION/_EXT/14       code   0x008007    program   0x000002
.config_8008_BUILD/DEFAULT/PRODUCTION/_EXT/14       code   0x008008    program   0x000002



                              Program Memory Usage 
                               Start         End      
                           ---------   ---------      
                            0x000000    0x000002      
                            0x000004    0x000315      
                            0x008007    0x008008      
            791 out of 2055 program addresses used, program memory utilization is 38%



                              Symbols - Sorted by Name
                     Name    Address   Location    Storage File                     
                ---------  ---------  ---------  --------- ---------                
             IRQ_not_tmr0   0x00003f    program     static ..\TwinkleTwinkie_Chestoro.asm
             IRQ_not_tmr1   0x00004c    program     static ..\TwinkleTwinkie_Chestoro.asm
            IRQ_tmr0_done   0x00003c    program     static ..\TwinkleTwinkie_Chestoro.asm
    IRQ_tmr0_pwm_not_zero   0x000020    program     static ..\TwinkleTwinkie_Chestoro.asm
        IRQ_tmr1_not_zero   0x000048    program     static ..\TwinkleTwinkie_Chestoro.asm
                 MAINLOOP   0x000080    program     static ..\TwinkleTwinkie_Chestoro.asm
                    START   0x00004d    program     static ..\TwinkleTwinkie_Chestoro.asm
          START_ANIMATION   0x00026c    program     static ..\TwinkleTwinkie_Chestoro.asm
              _CYCLE_LFSR   0x000292    program     static ..\TwinkleTwinkie_Chestoro.asm
                   _delay   0x0002a8    program     static ..\TwinkleTwinkie_Chestoro.asm
              _pwm_values   0x0002b3    program     static ..\TwinkleTwinkie_Chestoro.asm
          animation_blink   0x00021b    program     static ..\TwinkleTwinkie_Chestoro.asm
     animation_eye_bobble   0x000165    program     static ..\TwinkleTwinkie_Chestoro.asm
  animation_lip_lick_left   0x0001dd    program     static ..\TwinkleTwinkie_Chestoro.asm
 animation_lip_lick_right   0x0001fc    program     static ..\TwinkleTwinkie_Chestoro.asm
      animation_lip_piano   0x000195    program     static ..\TwinkleTwinkie_Chestoro.asm
   animation_smile_in_out   0x000233    program     static ..\TwinkleTwinkie_Chestoro.asm
       animation_sparkles   0x0000c7    program     static ..\TwinkleTwinkie_Chestoro.asm
           animation_talk   0x0000f3    program     static ..\TwinkleTwinkie_Chestoro.asm
              blink_delay   0x00022e    program     static ..\TwinkleTwinkie_Chestoro.asm
               blink_norm   0x00022b    program     static ..\TwinkleTwinkie_Chestoro.asm
                 blink_ok   0x000226    program     static ..\TwinkleTwinkie_Chestoro.asm
          cycle_lfsr_loop   0x000294    program     static ..\TwinkleTwinkie_Chestoro.asm
              delay_loop1   0x0002ab    program     static ..\TwinkleTwinkie_Chestoro.asm
          eye_bobble_loop   0x00016e    program     static ..\TwinkleTwinkie_Chestoro.asm
         eye_bobble_loop1   0x000170    program     static ..\TwinkleTwinkie_Chestoro.asm
         eye_bobble_loop2   0x000179    program     static ..\TwinkleTwinkie_Chestoro.asm
         eye_bobble_loop3   0x000182    program     static ..\TwinkleTwinkie_Chestoro.asm
         eye_bobble_loop4   0x00018b    program     static ..\TwinkleTwinkie_Chestoro.asm
        eye_bobble_normal   0x00016a    program     static ..\TwinkleTwinkie_Chestoro.asm
             eye_out_loop   0x000235    program     static ..\TwinkleTwinkie_Chestoro.asm
            eye_out_loop1   0x000248    program     static ..\TwinkleTwinkie_Chestoro.asm
       eye_out_loop1_norm   0x000244    program     static ..\TwinkleTwinkie_Chestoro.asm
             eyes_in_loop   0x000289    program     static ..\TwinkleTwinkie_Chestoro.asm
          init_bank0_loop   0x00005f    program     static ..\TwinkleTwinkie_Chestoro.asm
      mainloop_button_chk   0x000083    program     static ..\TwinkleTwinkie_Chestoro.asm
    mainloop_button_delay   0x000084    program     static ..\TwinkleTwinkie_Chestoro.asm
           mainloop_delay   0x00009e    program     static ..\TwinkleTwinkie_Chestoro.asm
       mainloop_no_button   0x00009b    program     static ..\TwinkleTwinkie_Chestoro.asm
            piano_in_loop   0x0001a9    program     static ..\TwinkleTwinkie_Chestoro.asm
           piano_in_loop1   0x0001bc    program     static ..\TwinkleTwinkie_Chestoro.asm
           piano_in_loop2   0x0001d1    program     static ..\TwinkleTwinkie_Chestoro.asm
               piano_loop   0x0001b0    program     static ..\TwinkleTwinkie_Chestoro.asm
             piano_normal   0x00019a    program     static ..\TwinkleTwinkie_Chestoro.asm
           piano_out_loop   0x0001a0    program     static ..\TwinkleTwinkie_Chestoro.asm
          piano_out_loop1   0x0001b2    program     static ..\TwinkleTwinkie_Chestoro.asm
          piano_out_loop2   0x0001c6    program     static ..\TwinkleTwinkie_Chestoro.asm
              piano_start   0x00019e    program     static ..\TwinkleTwinkie_Chestoro.asm
            smile_in_loop   0x00026e    program     static ..\TwinkleTwinkie_Chestoro.asm
           smile_in_loop1   0x000282    program     static ..\TwinkleTwinkie_Chestoro.asm
      smile_in_loop1_norm   0x00027e    program     static ..\TwinkleTwinkie_Chestoro.asm
           smile_out_loop   0x00024f    program     static ..\TwinkleTwinkie_Chestoro.asm
          smile_out_loop1   0x000267    program     static ..\TwinkleTwinkie_Chestoro.asm
     smile_out_loop1_norm   0x000264    program     static ..\TwinkleTwinkie_Chestoro.asm
            sparkles_loop   0x0000ce    program     static ..\TwinkleTwinkie_Chestoro.asm
          sparkles_normal   0x0000cc    program     static ..\TwinkleTwinkie_Chestoro.asm
                talk_loop   0x0000fc    program     static ..\TwinkleTwinkie_Chestoro.asm
               talk_loop1   0x0000fe    program     static ..\TwinkleTwinkie_Chestoro.asm
               talk_loop2   0x00010c    program     static ..\TwinkleTwinkie_Chestoro.asm
               talk_loop3   0x000120    program     static ..\TwinkleTwinkie_Chestoro.asm
               talk_loop4   0x00012b    program     static ..\TwinkleTwinkie_Chestoro.asm
               talk_loop5   0x000139    program     static ..\TwinkleTwinkie_Chestoro.asm
               talk_loop6   0x000151    program     static ..\TwinkleTwinkie_Chestoro.asm
              talk_normal   0x0000f8    program     static ..\TwinkleTwinkie_Chestoro.asm



                              Symbols - Sorted by Address
                     Name    Address   Location    Storage File                     
                ---------  ---------  ---------  --------- ---------                
    IRQ_tmr0_pwm_not_zero   0x000020    program     static ..\TwinkleTwinkie_Chestoro.asm
            IRQ_tmr0_done   0x00003c    program     static ..\TwinkleTwinkie_Chestoro.asm
             IRQ_not_tmr0   0x00003f    program     static ..\TwinkleTwinkie_Chestoro.asm
        IRQ_tmr1_not_zero   0x000048    program     static ..\TwinkleTwinkie_Chestoro.asm
             IRQ_not_tmr1   0x00004c    program     static ..\TwinkleTwinkie_Chestoro.asm
                    START   0x00004d    program     static ..\TwinkleTwinkie_Chestoro.asm
          init_bank0_loop   0x00005f    program     static ..\TwinkleTwinkie_Chestoro.asm
                 MAINLOOP   0x000080    program     static ..\TwinkleTwinkie_Chestoro.asm
      mainloop_button_chk   0x000083    program     static ..\TwinkleTwinkie_Chestoro.asm
    mainloop_button_delay   0x000084    program     static ..\TwinkleTwinkie_Chestoro.asm
       mainloop_no_button   0x00009b    program     static ..\TwinkleTwinkie_Chestoro.asm
           mainloop_delay   0x00009e    program     static ..\TwinkleTwinkie_Chestoro.asm
       animation_sparkles   0x0000c7    program     static ..\TwinkleTwinkie_Chestoro.asm
          sparkles_normal   0x0000cc    program     static ..\TwinkleTwinkie_Chestoro.asm
            sparkles_loop   0x0000ce    program     static ..\TwinkleTwinkie_Chestoro.asm
           animation_talk   0x0000f3    program     static ..\TwinkleTwinkie_Chestoro.asm
              talk_normal   0x0000f8    program     static ..\TwinkleTwinkie_Chestoro.asm
                talk_loop   0x0000fc    program     static ..\TwinkleTwinkie_Chestoro.asm
               talk_loop1   0x0000fe    program     static ..\TwinkleTwinkie_Chestoro.asm
               talk_loop2   0x00010c    program     static ..\TwinkleTwinkie_Chestoro.asm
               talk_loop3   0x000120    program     static ..\TwinkleTwinkie_Chestoro.asm
               talk_loop4   0x00012b    program     static ..\TwinkleTwinkie_Chestoro.asm
               talk_loop5   0x000139    program     static ..\TwinkleTwinkie_Chestoro.asm
               talk_loop6   0x000151    program     static ..\TwinkleTwinkie_Chestoro.asm
     animation_eye_bobble   0x000165    program     static ..\TwinkleTwinkie_Chestoro.asm
        eye_bobble_normal   0x00016a    program     static ..\TwinkleTwinkie_Chestoro.asm
          eye_bobble_loop   0x00016e    program     static ..\TwinkleTwinkie_Chestoro.asm
         eye_bobble_loop1   0x000170    program     static ..\TwinkleTwinkie_Chestoro.asm
         eye_bobble_loop2   0x000179    program     static ..\TwinkleTwinkie_Chestoro.asm
         eye_bobble_loop3   0x000182    program     static ..\TwinkleTwinkie_Chestoro.asm
         eye_bobble_loop4   0x00018b    program     static ..\TwinkleTwinkie_Chestoro.asm
      animation_lip_piano   0x000195    program     static ..\TwinkleTwinkie_Chestoro.asm
             piano_normal   0x00019a    program     static ..\TwinkleTwinkie_Chestoro.asm
              piano_start   0x00019e    program     static ..\TwinkleTwinkie_Chestoro.asm
           piano_out_loop   0x0001a0    program     static ..\TwinkleTwinkie_Chestoro.asm
            piano_in_loop   0x0001a9    program     static ..\TwinkleTwinkie_Chestoro.asm
               piano_loop   0x0001b0    program     static ..\TwinkleTwinkie_Chestoro.asm
          piano_out_loop1   0x0001b2    program     static ..\TwinkleTwinkie_Chestoro.asm
           piano_in_loop1   0x0001bc    program     static ..\TwinkleTwinkie_Chestoro.asm
          piano_out_loop2   0x0001c6    program     static ..\TwinkleTwinkie_Chestoro.asm
           piano_in_loop2   0x0001d1    program     static ..\TwinkleTwinkie_Chestoro.asm
  animation_lip_lick_left   0x0001dd    program     static ..\TwinkleTwinkie_Chestoro.asm
 animation_lip_lick_right   0x0001fc    program     static ..\TwinkleTwinkie_Chestoro.asm
          animation_blink   0x00021b    program     static ..\TwinkleTwinkie_Chestoro.asm
                 blink_ok   0x000226    program     static ..\TwinkleTwinkie_Chestoro.asm
               blink_norm   0x00022b    program     static ..\TwinkleTwinkie_Chestoro.asm
              blink_delay   0x00022e    program     static ..\TwinkleTwinkie_Chestoro.asm
   animation_smile_in_out   0x000233    program     static ..\TwinkleTwinkie_Chestoro.asm
             eye_out_loop   0x000235    program     static ..\TwinkleTwinkie_Chestoro.asm
       eye_out_loop1_norm   0x000244    program     static ..\TwinkleTwinkie_Chestoro.asm
            eye_out_loop1   0x000248    program     static ..\TwinkleTwinkie_Chestoro.asm
           smile_out_loop   0x00024f    program     static ..\TwinkleTwinkie_Chestoro.asm
     smile_out_loop1_norm   0x000264    program     static ..\TwinkleTwinkie_Chestoro.asm
          smile_out_loop1   0x000267    program     static ..\TwinkleTwinkie_Chestoro.asm
          START_ANIMATION   0x00026c    program     static ..\TwinkleTwinkie_Chestoro.asm
            smile_in_loop   0x00026e    program     static ..\TwinkleTwinkie_Chestoro.asm
      smile_in_loop1_norm   0x00027e    program     static ..\TwinkleTwinkie_Chestoro.asm
           smile_in_loop1   0x000282    program     static ..\TwinkleTwinkie_Chestoro.asm
             eyes_in_loop   0x000289    program     static ..\TwinkleTwinkie_Chestoro.asm
              _CYCLE_LFSR   0x000292    program     static ..\TwinkleTwinkie_Chestoro.asm
          cycle_lfsr_loop   0x000294    program     static ..\TwinkleTwinkie_Chestoro.asm
                   _delay   0x0002a8    program     static ..\TwinkleTwinkie_Chestoro.asm
              delay_loop1   0x0002ab    program     static ..\TwinkleTwinkie_Chestoro.asm
              _pwm_values   0x0002b3    program     static ..\TwinkleTwinkie_Chestoro.asm


